chr1	1	+	403	400	CG	CGT
chr1	2	-	5	0	CG	CGT
chr1	5	+	0	0	CG	CGC
chr1	6	-	0	0	CG	CGT
chr1	7	+	0	0	CG	CGT
chr1	8	-	0	0	CG	CGC
chr1	13	+	0	0	CG	CGG
chr1	14	-	0	0	CG	CGG
chr1	20	+	0	0	CG	CGA
chr1	21	-	0	0	CG	CGN
chr2	9	+	0	0	CG	CGT
chr2	10	-	0	0	CG	CGT
chr2	13	+	0	0	CG	CGT
chr2	14	-	0	0	CG	CGG
chr3uncov	1	+	0	0	CG	CGT
chr3uncov	2	-	0	0	CG	CGT
chr3uncov	5	+	0	0	CG	CGT
chr3uncov	6	-	0	0	CG	CGT
